Build started 8/11/2025 23:55:29.
Logging verbosity is set to: Normal.
     1>Project "C:\coding\CPP\cossacks-revamp-2017-master\AI_MODULES\AI_0995\AI\RussiaAI.vcxproj" on node 1 (default targets).
     1>PrepareForBuild:
         Structured output is enabled. The formatting of compiler diagnostics will reflect the error hierarchy. See https://aka.ms/cpp/structured-output for more details.
       InitializeBuildStatus:
         Touching "C:\coding\CPP\cossacks-revamp-2017-master\AI_MODULES\AI_0995\AI\..\..\..\src\Temp\RussiaAI\RussiaAI.tlog\unsuccessfulbuild".
       ClCompile:
         All outputs are up-to-date.
       Link:
         C:\Program Files\Microsoft Visual Studio\2022\Community\VC\Tools\MSVC\14.38.33130\bin\HostX86\x86\link.exe /ERRORREPORT:QUEUE /OUT:"C:\coding\CPP\cossacks-revamp-2017-master\AI_MODULES\AI_0995\AI\..\..\..\src\Testing\Ai\Russia.dll" /NOLOGO /LIBPATH:"C:\coding\CPP\cossacks-revamp-2017-master\AI_MODULES\AI_0995\AI\.." /LIBPATH:"C:\coding\CPP\cossacks-revamp-2017-master\AI_MODULES\AI_0995\AI\src\Temp" /LIBPATH:"C:\coding\CPP\cossacks-revamp-2017-master\AI_MODULES\AI_0995\AI\..\..\..\src\Temp" DMCR.lib kernel32.lib user32.lib gdi32.lib winspool.lib comdlg32.lib advapi32.lib shell32.lib ole32.lib oleaut32.lib uuid.lib ws2_32.lib kernel32.lib user32.lib gdi32.lib winspool.lib comdlg32.lib advapi32.lib shell32.lib ole32.lib oleaut32.lib uuid.lib odbc32.lib odbccp32.lib /MANIFEST /MANIFESTUAC:"level='asInvoker' uiAccess='false'" /manifest:embed /DEBUG:FULL /PDB:"C:\coding\CPP\cossacks-revamp-2017-master\AI_MODULES\AI_0995\AI\..\..\..\src\Testing\Ai\Russia.pdb" /SUBSYSTEM:WINDOWS /OPT:REF /OPT:ICF /TLBID:1 /DYNAMICBASE /NXCOMPAT /IMPLIB:"C:\coding\CPP\cossacks-revamp-2017-master\AI_MODULES\AI_0995\AI\..\..\..\src\Testing\Ai\Russia.lib" /MACHINE:X86 /SAFESEH /DLL "C:\coding\CPP\cossacks-revamp-2017-master\AI_MODULES\AI_0995\AI\..\..\..\src\Temp\RussiaAI\Russia.obj"
     1>LINK : fatal error LNK1104: cannot open file '..\dmcr.lib' [C:\coding\CPP\cossacks-revamp-2017-master\AI_MODULES\AI_0995\AI\RussiaAI.vcxproj]
     1>Done Building Project "C:\coding\CPP\cossacks-revamp-2017-master\AI_MODULES\AI_0995\AI\RussiaAI.vcxproj" (default targets) -- FAILED.

Build FAILED.

       "C:\coding\CPP\cossacks-revamp-2017-master\AI_MODULES\AI_0995\AI\RussiaAI.vcxproj" (default target) (1) ->
       (Link target) -> 
         LINK : fatal error LNK1104: cannot open file '..\dmcr.lib' [C:\coding\CPP\cossacks-revamp-2017-master\AI_MODULES\AI_0995\AI\RussiaAI.vcxproj]

    0 Warning(s)
    1 Error(s)

Time Elapsed 00:00:00.35
